[www.gokulshreeschool.com/index.html]
[backblue.gif]
[fade.gif]
[index.html]
[www.gokulshreeschool.com/images/favicon.png]
[www.gokulshreeschool.com/css/bootstrap.css]
[www.gokulshreeschool.com/css/revolution-slider.css]
[www.gokulshreeschool.com/css/style.css]
[www.gokulshreeschool.com/css/responsive.css]
[www.gokulshreeschool.com/contact-us.html]
[www.gokulshreeschool.com/franchise.html]
[www.gokulshreeschool.com/franchise-enquiry.html]
[www.gokulshreeschool.com/login.html]
[www.gokulshreeschool.com/index-2.html]
[www.gokulshreeschool.com/images/head.png]
[www.gokulshreeschool.com/pagec19e.html]
[www.gokulshreeschool.com/page4843.html]
[www.gokulshreeschool.com/pagecc0c.html]
[www.gokulshreeschool.com/pageca5d.html]
[www.gokulshreeschool.com/pagef7db.html]
[www.gokulshreeschool.com/page0f4f.html]
[www.gokulshreeschool.com/courses52ef.html]
[www.gokulshreeschool.com/coursesd64f.html]
[www.gokulshreeschool.com/courses49d9.html]
[www.gokulshreeschool.com/coursesf73a.html]
[www.gokulshreeschool.com/registration_process.html]
[www.gokulshreeschool.com/examination_process.html]
[www.gokulshreeschool.com/registration.html]
[www.gokulshreeschool.com/download-admitcard.html]
[www.gokulshreeschool.com/marksheet-verification.html]
[www.gokulshreeschool.com/certificate-verification.html]
[www.gokulshreeschool.com/verification.html]
[www.gokulshreeschool.com/placement.html]
[www.gokulshreeschool.com/centre-verification.html]
[www.gokulshreeschool.com/publications.html]
[www.gokulshreeschool.com/new/index.html]
[www.gokulshreeschool.com/photos.html]
[www.gokulshreeschool.com/videos.html]
[www.gokulshreeschool.com/webmail.html]
[www.gokulshreeschool.com/find_branch.html]
[www.gokulshreeschool.com/images/logo-small.png]
[www.gokulshreeschool.com/why_gbge.html]
[www.gokulshreeschool.com/new/banner/ori/1637417879478.jpg]
[www.gokulshreeschool.com/new/banner/ori/1637402291190.jpg]
[www.gokulshreeschool.com/new/banner/ori/1638006065918.jpg]
[www.gokulshreeschool.com/new/banner/ori/1632891587669.png]
[www.gokulshreeschool.com/new/product/category/1632892464871.jpg]
[www.gokulshreeschool.com/new/branch/172681387220.jpg]
[www.gokulshreeschool.com/new/branch/1725693582906.jpg]
[www.gokulshreeschool.com/new/branch/1726909814362.jpg]
[www.gokulshreeschool.com/new/branch/176157490789.jpg]
[www.gokulshreeschool.com/new/images/user/1767421653554.jpg]
[www.gokulshreeschool.com/new/images/user/176741966614.jpg]
[www.gokulshreeschool.com/new/images/user/1767089974997.jpg]
[www.gokulshreeschool.com/new/images/user/1767090187445.jpg]
[www.gokulshreeschool.com/new/images/user/1758548525245.jpg]
[www.gokulshreeschool.com/new/images/user/1755275572522.jpg]
[www.gokulshreeschool.com/new/images/user/1750656499146.jpg]
[www.gokulshreeschool.com/new/images/user/1750571198629.jpg]
[www.gokulshreeschool.com/new/images/user/1746245179515.jpg]
[www.gokulshreeschool.com/new/images/user/1637418798270.jpg]
[www.gokulshreeschool.com/new/images/user/1637422147864.jpg]
[www.gokulshreeschool.com/new/images/user/1637570052318.jpg]
[www.gokulshreeschool.com/new/images/user/1637572347355.jpg]
[www.gokulshreeschool.com/app-release.apk]
[www.gokulshreeschool.com/images/applogo.png]
[www.gokulshreeschool.com/payment.html]
[www.gokulshreeschool.com/downloads.html]
[www.gokulshreeschool.com/result.html]
[www.gokulshreeschool.com/privacy-policy.html]
[www.gokulshreeschool.com/js/jquery.js]
[www.gokulshreeschool.com/js/bootstrap.min.js]
[www.gokulshreeschool.com/js/revolution.min.js]
[www.gokulshreeschool.com/js/jquery.fancybox.pack.js]
[www.gokulshreeschool.com/js/jquery.fancybox-media.js]
[www.gokulshreeschool.com/js/owl.js]
[www.gokulshreeschool.com/js/wow.js]
[www.gokulshreeschool.com/index.html]
[www.gokulshreeschool.com/js/script.js]
[www.gokulshreeschool.com/css/bootstrap.css]
[www.gokulshreeschool.com/css/revolution-slider.css]
[www.gokulshreeschool.com/css/font-awesome.css]
[www.gokulshreeschool.com/css/flaticon.css]
[www.gokulshreeschool.com/css/animate.css]
[www.gokulshreeschool.com/css/owl.css]
[www.gokulshreeschool.com/css/jquery.fancybox.css]
[www.gokulshreeschool.com/css/hover.css]
[www.gokulshreeschool.com/css/style.css]
[www.gokulshreeschool.com/css/responsive.css]
[www.gokulshreeschool.com/images/page-title.jpg]
[www.gokulshreeschool.com/contact-us.html]
[www.gokulshreeschool.com/franchise.html]
[www.gokulshreeschool.com/find_branch689f.html]
[www.gokulshreeschool.com/franchise-enquiry.html]
[www.gokulshreeschool.com/captcha.html]
[www.gokulshreeschool.com/new/images/checked.gif]
[www.gokulshreeschool.com/new/css/index.css]
[www.gokulshreeschool.com/new/index.html]
[www.gokulshreeschool.com/login.html]
[www.gokulshreeschool.com/index-2.html]
[www.gokulshreeschool.com/pagec19e.html]
[www.gokulshreeschool.com/page4843.html]
[www.gokulshreeschool.com/pagecc0c.html]
[www.gokulshreeschool.com/pageca5d.html]
[www.gokulshreeschool.com/pagef7db.html]
[www.gokulshreeschool.com/page0f4f.html]
[www.gokulshreeschool.com/course_details52ef.html]
[www.gokulshreeschool.com/course_details2a75.html]
[www.gokulshreeschool.com/course_detailsa2be.html]
[www.gokulshreeschool.com/course_details3aa7.html]
[www.gokulshreeschool.com/course_details23c5.html]
[www.gokulshreeschool.com/course_details8500.html]
[www.gokulshreeschool.com/course_details5fc5.html]
[www.gokulshreeschool.com/course_details2e21.html]
[www.gokulshreeschool.com/course_details9eb7.html]
[www.gokulshreeschool.com/course_details541c.html]
[www.gokulshreeschool.com/course_detailsb928.html]
[www.gokulshreeschool.com/course_detailsf77a.html]
[www.gokulshreeschool.com/course_detailsce0e.html]
[www.gokulshreeschool.com/course_detailscb56.html]
[www.gokulshreeschool.com/course_detailsfd5a.html]
[www.gokulshreeschool.com/course_detailsc26c.html]
[www.gokulshreeschool.com/course_detailsde73.html]
[www.gokulshreeschool.com/course_details205b.html]
[www.gokulshreeschool.com/course_details3cb0.html]
[www.gokulshreeschool.com/course_details9a42.html]
[www.gokulshreeschool.com/course_detailsd00a.html]
[www.gokulshreeschool.com/course_details9303.html]
[www.gokulshreeschool.com/course_detailsa048.html]
[www.gokulshreeschool.com/course_details8dd8.html]
[www.gokulshreeschool.com/course_detailsab96.html]
[www.gokulshreeschool.com/course_details7b35.html]
[www.gokulshreeschool.com/course_details9cfa.html]
[www.gokulshreeschool.com/course_details7a93.html]
[www.gokulshreeschool.com/course_details90e1.html]
[www.gokulshreeschool.com/course_details07d3.html]
[www.gokulshreeschool.com/course_details44e4.html]
[www.gokulshreeschool.com/course_details17e9.html]
[www.gokulshreeschool.com/course_details230c.html]
[www.gokulshreeschool.com/course_detailsd36c.html]
[www.gokulshreeschool.com/course_detailse1b1.html]
[www.gokulshreeschool.com/course_detailsa351.html]
[www.gokulshreeschool.com/course_detailsd6c5.html]
[www.gokulshreeschool.com/course_detailse372.html]
[www.gokulshreeschool.com/course_details0d14.html]
[www.gokulshreeschool.com/course_detailsb71d.html]
[www.gokulshreeschool.com/course_details1883.html]
[www.gokulshreeschool.com/course_detailsb71d-2.html]
[www.gokulshreeschool.com/course_detailscadf.html]
[www.gokulshreeschool.com/course_details830c.html]
[www.gokulshreeschool.com/course_detailsf484.html]
[www.gokulshreeschool.com/course_details5239.html]
[www.gokulshreeschool.com/course_detailscd1f.html]
[www.gokulshreeschool.com/course_details0967.html]
[www.gokulshreeschool.com/course_details3cfc.html]
[www.gokulshreeschool.com/course_detailscc64.html]
[www.gokulshreeschool.com/course_detailsc6d3.html]
[www.gokulshreeschool.com/course_detailse35d.html]
[www.gokulshreeschool.com/course_detailsf394.html]
[www.gokulshreeschool.com/courses52ef.html]
[www.gokulshreeschool.com/course_details605b.html]
[www.gokulshreeschool.com/course_details39fa.html]
[www.gokulshreeschool.com/course_details28b6.html]
[www.gokulshreeschool.com/course_details16bb.html]
[www.gokulshreeschool.com/course_details31b6.html]
[www.gokulshreeschool.com/course_detailsa085.html]
[www.gokulshreeschool.com/course_details2d50.html]
[www.gokulshreeschool.com/course_details470a.html]
[www.gokulshreeschool.com/course_detailsfa14.html]
[www.gokulshreeschool.com/course_details3c36.html]
[www.gokulshreeschool.com/course_detailsb742.html]
[www.gokulshreeschool.com/course_detailsf204.html]
[www.gokulshreeschool.com/course_details187b.html]
[www.gokulshreeschool.com/course_detailse83d.html]
[www.gokulshreeschool.com/course_details0b3b.html]
[www.gokulshreeschool.com/course_details2df2.html]
[www.gokulshreeschool.com/course_details4cb5.html]
[www.gokulshreeschool.com/course_details6d21.html]
[www.gokulshreeschool.com/course_details57fa.html]
[www.gokulshreeschool.com/course_details9f48.html]
[www.gokulshreeschool.com/course_details5760.html]
[www.gokulshreeschool.com/course_details62b6.html]
[www.gokulshreeschool.com/course_details32d6.html]
[www.gokulshreeschool.com/course_details413e.html]
[www.gokulshreeschool.com/coursesd64f.html]
[www.gokulshreeschool.com/course_details4760.html]
[www.gokulshreeschool.com/course_details9160.html]
[www.gokulshreeschool.com/course_detailse25f.html]
[www.gokulshreeschool.com/courses49d9.html]
[www.gokulshreeschool.com/course_details3101.html]
[www.gokulshreeschool.com/course_details94f9.html]
[www.gokulshreeschool.com/course_detailse0e9.html]
[www.gokulshreeschool.com/course_details9b39.html]
[www.gokulshreeschool.com/course_detailsbd91.html]
[www.gokulshreeschool.com/course_detailsf396.html]
[www.gokulshreeschool.com/course_details06ad.html]
[www.gokulshreeschool.com/course_detailsaa62.html]
[www.gokulshreeschool.com/course_details4b79.html]
[www.gokulshreeschool.com/coursesf73a.html]
[www.gokulshreeschool.com/registration_process.html]
[www.gokulshreeschool.com/examination_process.html]
[www.gokulshreeschool.com/course_detailsad44.html]
[www.gokulshreeschool.com/registration.html]
[www.gokulshreeschool.com/download-admitcard.html]
[www.gokulshreeschool.com/marksheet-verification.html]
[www.gokulshreeschool.com/certificate-verification.html]
[www.gokulshreeschool.com/verification.html]
[www.gokulshreeschool.com/placement.html]
[www.gokulshreeschool.com/centre-verification.html]
[www.gokulshreeschool.com/css/lightbox.min.css]
[www.gokulshreeschool.com/js/lightbox-plus-jquery.min.js]
[www.gokulshreeschool.com/publications.html]
[www.gokulshreeschool.com/photos_viewefc0.html]
[www.gokulshreeschool.com/photos_view8755.html]
[www.gokulshreeschool.com/photos_view6274.html]
[www.gokulshreeschool.com/photos_view3c95.html]
[www.gokulshreeschool.com/photos_view9254.html]
[www.gokulshreeschool.com/photos_viewbd5b.html]
[www.gokulshreeschool.com/photos_view5b10.html]
[www.gokulshreeschool.com/photos_viewa63d.html]
[www.gokulshreeschool.com/photos_viewb36e.html]
[www.gokulshreeschool.com/photos_view492f.html]
[www.gokulshreeschool.com/photos_viewee42.html]
[www.gokulshreeschool.com/photos_view96fc.html]
[www.gokulshreeschool.com/photos.html]
[www.gokulshreeschool.com/videos_viewbd5b.html]
[www.gokulshreeschool.com/videos.html]
[www.gokulshreeschool.com/webmail.html]
[www.gokulshreeschool.com/videos_view40e9.html]
[www.gokulshreeschool.com/find_branch.html]
[www.gokulshreeschool.com/why_gbge.html]
[www.gokulshreeschool.com/images/background/1.html]
[www.gokulshreeschool.com/images/user.html]
[www.gokulshreeschool.com/upload/gallery/16276267471034650577.html]
[www.gokulshreeschool.com/upload/gallery/16276267901822303391.html]
[www.gokulshreeschool.com/upload/gallery/16276268041572406158.html]
[www.gokulshreeschool.com/upload/gallery/1627626820362909136.html]
[www.gokulshreeschool.com/upload/gallery/1627626835509677227.html]
[www.gokulshreeschool.com/upload/gallery/16276268511441978413.html]
[www.gokulshreeschool.com/upload/gallery/16276268781204677628.html]
[www.gokulshreeschool.com/upload/gallery/16276268931936810359.html]
[www.gokulshreeschool.com/upload/gallery/1627626912386503670.html]
[www.gokulshreeschool.com/upload/gallery/16276269621217650392.html]
[www.gokulshreeschool.com/upload/gallery/16276269771896632416.html]
[www.gokulshreeschool.com/upload/gallery/16276270001428718320.html]
[www.gokulshreeschool.com/upload/gallery/16276270141830269829.html]
[www.gokulshreeschool.com/upload/gallery/16276270282124640587.html]
[www.gokulshreeschool.com/upload/gallery/16276270431147106047.html]
[www.gokulshreeschool.com/upload/gallery/16276270591660916516.html]
[www.gokulshreeschool.com/upload/gallery/1627627073727272821.html]
[www.gokulshreeschool.com/upload/gallery/16276270931597627968.html]
[www.gokulshreeschool.com/upload/gallery/1627627107482648771.html]
[www.gokulshreeschool.com/upload/gallery/16276271231439007269.html]
[www.gokulshreeschool.com/upload/gallery/1627627137241616003.html]
[www.gokulshreeschool.com/upload/gallery/1627627166860178916.html]
[www.gokulshreeschool.com/upload/gallery/16276271851122481823.html]
[www.gokulshreeschool.com/upload/gallery/1627627205669135746.html]
[www.gokulshreeschool.com/payment.html]
[www.gokulshreeschool.com/new/product/category/1667222812849.pdf]
[www.gokulshreeschool.com/new/product/category/1667222759110.jpg]
[www.gokulshreeschool.com/new/product/category/1667272366965.pdf]
[www.gokulshreeschool.com/downloads.html]
[www.gokulshreeschool.com/result.html]
[www.gokulshreeschool.com/privacy-policy.html]
[www.gokulshreeschool.com/fonts/glyphicons-halflings-regular.html]
[www.gokulshreeschool.com/fonts/glyphicons-halflings-regulard41dd41d.html]
[www.gokulshreeschool.com/fonts/glyphicons-halflings-regular-2.html]
[www.gokulshreeschool.com/fonts/glyphicons-halflings-regular-3.html]
[www.gokulshreeschool.com/fonts/glyphicons-halflings-regular-4.html]
[www.gokulshreeschool.com/fonts/glyphicons-halflings-regular-5.html]
[www.gokulshreeschool.com/images/gradient/g30.html]
[www.gokulshreeschool.com/images/gradient/g40.html]
[www.gokulshreeschool.com/css/assets/shadow1.html]
[www.gokulshreeschool.com/css/assets/shadow2.html]
[www.gokulshreeschool.com/css/assets/shadow3.html]
[www.gokulshreeschool.com/css/assets/gridtile.html]
[www.gokulshreeschool.com/css/assets/gridtile_white.html]
[www.gokulshreeschool.com/css/assets/gridtile_3x3.html]
[www.gokulshreeschool.com/css/assets/gridtile_3x3_white.html]
[www.gokulshreeschool.com/css/assets/boxed_bgtile.html]
[www.gokulshreeschool.com/css/assets/navigdots_bgtile.html]
[www.gokulshreeschool.com/css/assets/bullet.html]
[www.gokulshreeschool.com/css/assets/bullets.html]
[www.gokulshreeschool.com/css/assets/bullets2.html]
[www.gokulshreeschool.com/css/assets/bullet_boxed.html]
[www.gokulshreeschool.com/css/assets/navigdots.html]
[www.gokulshreeschool.com/css/assets/large_left.html]
[www.gokulshreeschool.com/css/assets/large_right.html]
[www.gokulshreeschool.com/css/assets/small_left.html]
[www.gokulshreeschool.com/css/assets/small_right.html]
[www.gokulshreeschool.com/css/assets/arrow_left.html]
[www.gokulshreeschool.com/css/assets/arrow_right.html]
[www.gokulshreeschool.com/css/assets/small_left_boxed.html]
[www.gokulshreeschool.com/css/assets/small_right_boxed.html]
[www.gokulshreeschool.com/css/assets/arrowleft.html]
[www.gokulshreeschool.com/css/assets/arrowright.html]
[www.gokulshreeschool.com/css/assets/arrow_left2.html]
[www.gokulshreeschool.com/css/assets/arrow_right2.html]
[www.gokulshreeschool.com/css/assets/timer.html]
[www.gokulshreeschool.com/css/assets/coloredbg.html]
[www.gokulshreeschool.com/css/assets/loader.html]
[www.gokulshreeschool.com/fonts/revicons90c690c690c6.html]
[www.gokulshreeschool.com/fonts/revicons90c690c690c6-2.html]
[www.gokulshreeschool.com/fonts/revicons90c690c690c6-3.html]
[www.gokulshreeschool.com/fonts/revicons90c690c690c6-4.html]
[www.gokulshreeschool.com/revolution.themepunch.com/wp-content/uploads/2014/05/wave21.html]
[www.gokulshreeschool.com/fonts/fontawesome-webfont914c914c.eot]
[www.gokulshreeschool.com/fonts/fontawesome-webfontd41dd41d.eot]
[www.gokulshreeschool.com/fonts/fontawesome-webfont914c914c.woff2]
[www.gokulshreeschool.com/fonts/fontawesome-webfont914c914c.woff]
[www.gokulshreeschool.com/fonts/fontawesome-webfont914c914c.ttf]
[www.gokulshreeschool.com/css/font-awesome.css]
[www.gokulshreeschool.com/fonts/flaticon.eot]
[www.gokulshreeschool.com/fonts/flaticond41dd41d.eot]
[www.gokulshreeschool.com/fonts/flaticon.woff]
[www.gokulshreeschool.com/fonts/flaticon.ttf]
[www.gokulshreeschool.com/css/flaticon.css]
[www.gokulshreeschool.com/css/animate.css]
[www.gokulshreeschool.com/css/owl.css]
[www.gokulshreeschool.com/css/jquery.fancybox.css]
[www.gokulshreeschool.com/css/hover.css]
[www.gokulshreeschool.com/images/ink.html]
[www.gokulshreeschool.com/images/icons/menu-separater.html]
[www.gokulshreeschool.com/images/icons/select-arow.html]
[www.gokulshreeschool.com/images/background/chose-bg.html]
[www.gokulshreeschool.com/images/resource/circles.html]
[www.gokulshreeschool.com/images/icons/icon-cross.html]
[www.gokulshreeschool.com/images/arrow-right.html]
[www.gokulshreeschool.com/images/banners.html]
[www.gokulshreeschool.com/images/banners-hover.html]
[www.gokulshreeschool.com/find_courses689f.html]
[www.gokulshreeschool.com/GET.html]
[www.gokulshreeschool.com/find_batchca49.html]
[www.gokulshreeschool.com/find_district689f.html]
[www.gokulshreeschool.com/find_branch689f.html]
[www.gokulshreeschool.com/captcha.html]
[www.gokulshreeschool.com/new/images/cpanel_login_sprite.jpg]
[www.gokulshreeschool.com/new/images/mid.jpg]
[www.gokulshreeschool.com/new/css/index.css]
[www.gokulshreeschool.com/new/form_validate.html]
[www.gokulshreeschool.com/new/forgot.html]
[www.gokulshreeschool.com/new/images/user/1630547554456.html]
[www.gokulshreeschool.com/course_details52ef.html]
[www.gokulshreeschool.com/new/images/user/1628003558941.html]
[www.gokulshreeschool.com/course_details2a75.html]
[www.gokulshreeschool.com/new/images/user/1628737725715.html]
[www.gokulshreeschool.com/course_detailsa2be.html]
[www.gokulshreeschool.com/new/images/user/1628004904689.html]
[www.gokulshreeschool.com/course_details3aa7.html]
[www.gokulshreeschool.com/new/images/user/1628004042175.html]
[www.gokulshreeschool.com/course_details23c5.html]
[www.gokulshreeschool.com/new/images/user/1628004401849.html]
[www.gokulshreeschool.com/course_details8500.html]
[www.gokulshreeschool.com/new/images/user/1628005097619.html]
[www.gokulshreeschool.com/course_details5fc5.html]
[www.gokulshreeschool.com/new/images/user/1628005206149.html]
[www.gokulshreeschool.com/course_details2e21.html]
[www.gokulshreeschool.com/new/images/user/1628005319442.html]
[www.gokulshreeschool.com/course_details9eb7.html]
[www.gokulshreeschool.com/new/images/user/1628005397826.html]
[www.gokulshreeschool.com/course_details541c.html]
[www.gokulshreeschool.com/new/images/user/1628005475445.html]
[www.gokulshreeschool.com/course_detailsb928.html]
[www.gokulshreeschool.com/new/images/user/1628005843504.html]
[www.gokulshreeschool.com/course_detailsf77a.html]
[www.gokulshreeschool.com/new/images/user/1628005789139.html]
[www.gokulshreeschool.com/course_detailsce0e.html]
[www.gokulshreeschool.com/new/images/user/1628005819688.html]
[www.gokulshreeschool.com/course_detailscb56.html]
[www.gokulshreeschool.com/new/images/user/1628005757910.html]
[www.gokulshreeschool.com/course_detailsfd5a.html]
[www.gokulshreeschool.com/new/images/user/1628005902553.html]
[www.gokulshreeschool.com/course_detailsc26c.html]
[www.gokulshreeschool.com/new/images/user/1628005964873.html]
[www.gokulshreeschool.com/course_detailsde73.html]
[www.gokulshreeschool.com/new/images/user/1628006023234.html]
[www.gokulshreeschool.com/course_details205b.html]
[www.gokulshreeschool.com/new/images/user/1628006076750.html]
[www.gokulshreeschool.com/course_details3cb0.html]
[www.gokulshreeschool.com/new/images/user/162800614480.html]
[www.gokulshreeschool.com/course_details9a42.html]
[www.gokulshreeschool.com/new/images/user/1628006199712.html]
[www.gokulshreeschool.com/course_detailsd00a.html]
[www.gokulshreeschool.com/new/images/user/1628006278925.html]
[www.gokulshreeschool.com/course_details9303.html]
[www.gokulshreeschool.com/new/images/user/1628006438726.html]
[www.gokulshreeschool.com/course_detailsa048.html]
[www.gokulshreeschool.com/new/images/user/1628006538942.html]
[www.gokulshreeschool.com/course_details8dd8.html]
[www.gokulshreeschool.com/new/images/user/1628006639204.html]
[www.gokulshreeschool.com/course_detailsab96.html]
[www.gokulshreeschool.com/new/images/user/1628006733357.html]
[www.gokulshreeschool.com/course_details7b35.html]
[www.gokulshreeschool.com/new/images/user/1628006799465.html]
[www.gokulshreeschool.com/course_details9cfa.html]
[www.gokulshreeschool.com/new/images/user/1628006856135.html]
[www.gokulshreeschool.com/course_details7a93.html]
[www.gokulshreeschool.com/new/images/user/1628060204296.html]
[www.gokulshreeschool.com/course_details90e1.html]
[www.gokulshreeschool.com/new/images/user/1628060280943.html]
[www.gokulshreeschool.com/course_details07d3.html]
[www.gokulshreeschool.com/new/images/user/162806034063.html]
[www.gokulshreeschool.com/course_details44e4.html]
[www.gokulshreeschool.com/new/images/user/1628060403846.html]
[www.gokulshreeschool.com/course_details17e9.html]
[www.gokulshreeschool.com/new/images/user/1628060465328.html]
[www.gokulshreeschool.com/course_details230c.html]
[www.gokulshreeschool.com/new/images/user/1628060631384.html]
[www.gokulshreeschool.com/course_detailsd36c.html]
[www.gokulshreeschool.com/new/images/user/1628060700706.html]
[www.gokulshreeschool.com/course_detailse1b1.html]
[www.gokulshreeschool.com/new/images/user/1628060946623.html]
[www.gokulshreeschool.com/course_detailsa351.html]
[www.gokulshreeschool.com/new/images/user/1628061030539.html]
[www.gokulshreeschool.com/course_detailsd6c5.html]
[www.gokulshreeschool.com/new/images/user/1628061355442.html]
[www.gokulshreeschool.com/course_detailse372.html]
[www.gokulshreeschool.com/new/images/user/1628061417580.html]
[www.gokulshreeschool.com/course_details0d14.html]
[www.gokulshreeschool.com/new/images/user/162806146965.html]
[www.gokulshreeschool.com/course_detailsb71d.html]
[www.gokulshreeschool.com/new/images/user/1628061531907.html]
[www.gokulshreeschool.com/course_details1883.html]
[www.gokulshreeschool.com/new/images/user/1628061587126.html]
[www.gokulshreeschool.com/course_detailsb71d-2.html]
[www.gokulshreeschool.com/new/images/user/1628061653512.html]
[www.gokulshreeschool.com/course_detailscadf.html]
[www.gokulshreeschool.com/new/images/user/1628061696423.html]
[www.gokulshreeschool.com/course_details830c.html]
[www.gokulshreeschool.com/new/images/user/162806174122.html]
[www.gokulshreeschool.com/course_detailsf484.html]
[www.gokulshreeschool.com/new/images/user/1628061794712.html]
[www.gokulshreeschool.com/course_details5239.html]
[www.gokulshreeschool.com/new/images/user/1628061839407.html]
[www.gokulshreeschool.com/course_detailscd1f.html]
[www.gokulshreeschool.com/new/images/user/1628061879822.html]
[www.gokulshreeschool.com/course_details0967.html]
[www.gokulshreeschool.com/new/images/user/1628061997266.html]
[www.gokulshreeschool.com/course_details3cfc.html]
[www.gokulshreeschool.com/new/images/user/1628062041171.html]
[www.gokulshreeschool.com/course_detailscc64.html]
[www.gokulshreeschool.com/new/images/user/1628062082671.html]
[www.gokulshreeschool.com/course_detailsc6d3.html]
[www.gokulshreeschool.com/new/images/user/1630507475729.html]
[www.gokulshreeschool.com/course_detailse35d.html]
[www.gokulshreeschool.com/new/images/user/index.html]
[www.gokulshreeschool.com/course_detailsf394.html]
[www.gokulshreeschool.com/new/images/user/1628416774248.html]
[www.gokulshreeschool.com/course_details605b.html]
[www.gokulshreeschool.com/new/images/user/1628416946436.html]
[www.gokulshreeschool.com/course_details39fa.html]
[www.gokulshreeschool.com/new/images/user/1628417092321.html]
[www.gokulshreeschool.com/course_details28b6.html]
[www.gokulshreeschool.com/new/images/user/1628417479740.html]
[www.gokulshreeschool.com/course_details16bb.html]
[www.gokulshreeschool.com/new/images/user/1628417566376.html]
[www.gokulshreeschool.com/course_details31b6.html]
[www.gokulshreeschool.com/new/images/user/1628417628512.html]
[www.gokulshreeschool.com/course_detailsa085.html]
[www.gokulshreeschool.com/new/images/user/1628417705754.html]
[www.gokulshreeschool.com/course_details2d50.html]
[www.gokulshreeschool.com/new/images/user/1628417771216.html]
[www.gokulshreeschool.com/course_details470a.html]
[www.gokulshreeschool.com/new/images/user/1628417876248.html]
[www.gokulshreeschool.com/course_detailsfa14.html]
[www.gokulshreeschool.com/new/images/user/1628420105712.html]
[www.gokulshreeschool.com/course_details3c36.html]
[www.gokulshreeschool.com/new/images/user/1628420177887.html]
[www.gokulshreeschool.com/course_detailsb742.html]
[www.gokulshreeschool.com/new/images/user/1628420277473.html]
[www.gokulshreeschool.com/course_detailsf204.html]
[www.gokulshreeschool.com/new/images/user/162842040594.html]
[www.gokulshreeschool.com/course_details187b.html]
[www.gokulshreeschool.com/new/images/user/1628420454697.html]
[www.gokulshreeschool.com/course_detailse83d.html]
[www.gokulshreeschool.com/new/images/user/1628420505627.html]
[www.gokulshreeschool.com/course_details0b3b.html]
[www.gokulshreeschool.com/new/images/user/1628420555290.html]
[www.gokulshreeschool.com/course_details2df2.html]
[www.gokulshreeschool.com/new/images/user/1628420604760.html]
[www.gokulshreeschool.com/course_details4cb5.html]
[www.gokulshreeschool.com/new/images/user/1628420681119.html]
[www.gokulshreeschool.com/course_details6d21.html]
[www.gokulshreeschool.com/new/images/user/1628420748810.html]
[www.gokulshreeschool.com/course_details57fa.html]
[www.gokulshreeschool.com/new/images/user/1628420797438.html]
[www.gokulshreeschool.com/course_details9f48.html]
[www.gokulshreeschool.com/new/images/user/1628420867652.html]
[www.gokulshreeschool.com/course_details5760.html]
[www.gokulshreeschool.com/new/images/user/1628420914395.html]
[www.gokulshreeschool.com/course_details62b6.html]
[www.gokulshreeschool.com/new/images/user/1628420959569.html]
[www.gokulshreeschool.com/course_details32d6.html]
[www.gokulshreeschool.com/new/images/user/1628421003407.html]
[www.gokulshreeschool.com/course_details413e.html]
[www.gokulshreeschool.com/new/images/user/1628421050956.html]
[www.gokulshreeschool.com/course_details4760.html]
[www.gokulshreeschool.com/new/images/user/1628320711639.html]
[www.gokulshreeschool.com/course_details9160.html]
[www.gokulshreeschool.com/new/images/user/1628320739623.html]
[www.gokulshreeschool.com/course_detailse25f.html]
[www.gokulshreeschool.com/new/images/user/1628320769526.html]
[www.gokulshreeschool.com/course_details3101.html]
[www.gokulshreeschool.com/course_details94f9.html]
[www.gokulshreeschool.com/course_detailse0e9.html]
[www.gokulshreeschool.com/course_details9b39.html]
[www.gokulshreeschool.com/course_detailsbd91.html]
[www.gokulshreeschool.com/course_detailsf396.html]
[www.gokulshreeschool.com/course_details06ad.html]
[www.gokulshreeschool.com/course_detailsaa62.html]
[www.gokulshreeschool.com/course_details4b79.html]
[www.gokulshreeschool.com/course_detailsad44.html]
[www.gokulshreeschool.com/find_branch_web689f.html]
[www.gokulshreeschool.com/images/close.png]
[www.gokulshreeschool.com/images/loading.gif]
[www.gokulshreeschool.com/images/prev.png]
[www.gokulshreeschool.com/css/lightbox.min.css]
[www.gokulshreeschool.com/images/next.png]
[www.gokulshreeschool.com/upload/gallery/1627723405630354241.html]
[www.gokulshreeschool.com/upload/gallery/16277233881513855822.html]
[www.gokulshreeschool.com/photos_viewefc0.html]
[www.gokulshreeschool.com/upload/gallery/16277141141418201295.html]
[www.gokulshreeschool.com/photos_view8755.html]
[www.gokulshreeschool.com/photos_view6274.html]
[www.gokulshreeschool.com/upload/gallery/16279002791940679807.html]
[www.gokulshreeschool.com/photos_view3c95.html]
[www.gokulshreeschool.com/upload/gallery/16672231341896495465.html]
[www.gokulshreeschool.com/photos_view9254.html]
[www.gokulshreeschool.com/upload/gallery/index.html]
[www.gokulshreeschool.com/photos_viewbd5b.html]
[www.gokulshreeschool.com/upload/gallery/1629355646166117487.html]
[www.gokulshreeschool.com/photos_view5b10.html]
[www.gokulshreeschool.com/upload/gallery/16299488101483201427.html]
[www.gokulshreeschool.com/photos_viewa63d.html]
[www.gokulshreeschool.com/upload/gallery/16299611702134384987.html]
[www.gokulshreeschool.com/photos_viewb36e.html]
[www.gokulshreeschool.com/upload/gallery/1629961394264603379.html]
[www.gokulshreeschool.com/photos_view492f.html]
[www.gokulshreeschool.com/upload/gallery/16299615411146856322.html]
[www.gokulshreeschool.com/photos_viewee42.html]
[www.gokulshreeschool.com/photos_view96fc.html]
[www.gokulshreeschool.com/videos_viewbd5b.html]
[www.gokulshreeschool.com/videos_view40e9.html]
[www.gokulshreeschool.com/get-course03d2.html]
[www.gokulshreeschool.com/uploads/file/2_0(1).html]
[www.gokulshreeschool.com/new/product/category/1631345060756.html]
[www.gokulshreeschool.com/new/product/category/1631344194398.html]
[www.gokulshreeschool.com/new/product/category/index.html]
[www.gokulshreeschool.com/new/product/category/163134399522.html]
[www.gokulshreeschool.com/new/product/category/1631344053565.html]
[www.gokulshreeschool.com/new/product/category/1631343909988.html]
[www.gokulshreeschool.com/new/product/category/1629873629244.html]
[www.gokulshreeschool.com/fonts/fontawesome-webfont914c914c.html]
[www.gokulshreeschool.com/fonts/flaticon.html]
[www.gokulshreeschool.com/css/owl.video.play.html]
[www.gokulshreeschool.com/images/fancybox/fancybox_sprite.html]
[www.gokulshreeschool.com/images/fancybox/fancybox_loading.html]
[www.gokulshreeschool.com/images/fancybox/blank.html]
[www.gokulshreeschool.com/images/fancybox/fancybox_overlay.html]
[www.gokulshreeschool.com/images/fancybox/fancybox_sprite@2x.html]
[www.gokulshreeschool.com/images/fancybox/fancybox_loading@2x.html]
[www.gokulshreeschool.com/new/images/button-bg.html]
[www.gokulshreeschool.com/upload/gallery/16277164371103212713.html]
[www.gokulshreeschool.com/upload/gallery/16277144271984311303.html]
[www.gokulshreeschool.com/upload/gallery/1627716419641579304.html]
[www.gokulshreeschool.com/upload/gallery/1627716380753928615.html]
[www.gokulshreeschool.com/upload/gallery/16277164531262215050.html]
[www.gokulshreeschool.com/upload/gallery/1627714441692336770.html]
[www.gokulshreeschool.com/upload/gallery/1627716339439237173.html]
[www.gokulshreeschool.com/upload/gallery/16277142861478416151.html]
[www.gokulshreeschool.com/upload/gallery/16277163251149561531.html]
[www.gokulshreeschool.com/upload/gallery/1627716392706931622.html]
[www.gokulshreeschool.com/upload/gallery/162771635427890847.html]
[www.gokulshreeschool.com/upload/gallery/1627716367544739930.html]
[www.gokulshreeschool.com/upload/gallery/1627714301773412749.html]
[www.gokulshreeschool.com/upload/gallery/1627716406789238827.html]
[www.gokulshreeschool.com/upload/gallery/16277142731698907065.html]
[www.gokulshreeschool.com/upload/gallery/1629948781494951881.html]
[www.gokulshreeschool.com/upload/gallery/1629961100327019676.html]
